A51 MACRO ASSEMBLER  7SEG                                                                 03/14/2018 19:52:26 PAGE     1


MACRO ASSEMBLER A51 V8.2.5.0
OBJECT MODULE PLACED IN .\Objects\7seg.obj
ASSEMBLER INVOKED BY: C:\Keil_v5\C51\BIN\A51.EXE User\7seg.ASM SET(SMALL) DEBUG PRINT(.\Listings\7seg.lst) OBJECT(.\Obje
                      cts\7seg.obj) EP

LOC  OBJ            LINE     SOURCE

                       1     ; FileName              :       7seg.ASM        

                       2     ; Author                :       Twsa Liu

                       3     ; Date                  :       2017-03-14

                       4     ; Description   :       结合Keil与Proteus学习使用数码管 

                       5     

                       6     ;MAIN

0000                   7                     ORG             0000H

0000 7590F0            8     INIT:   MOV     P1,#0XF0    ;(1)熄灭数码管

0003 120008            9     LOOP:   LCALL   SEGBINKEY   ;(2)数码管的操作                              

0006 0103             10                     AJMP    LOOP            ;(3)跳转到第一句LOOP处

                      11     

                      12     ;Binkey 7Seg Function

0008                  13     SEGBINKEY:             

0008 759081           14                             MOV     P1,#0X81

000B 120045           15                             LCALL   DELAY

000E 7590F9           16                             MOV     P1,#0XF9

0011 120045           17                             LCALL   DELAY

0014 759092           18                             MOV     P1,#0X92

0017 120045           19                             LCALL   DELAY

001A 7590B0           20                             MOV     P1,#0XB0

001D 120045           21                             LCALL   DELAY

0020 7590E8           22                             MOV     P1,#0XE8

0023 120045           23                             LCALL   DELAY

0026 7590A4           24                         MOV         P1,#0XA4

0029 120045           25                             LCALL   DELAY

002C 759084           26                             MOV     P1,#0X84

002F 120045           27                             LCALL   DELAY

0032 7590F1           28                             MOV     P1,#0XF1

0035 120045           29                             LCALL   DELAY

0038 759080           30                             MOV     P1,#0X80

003B 120045           31                             LCALL   DELAY

003E 7590A0           32                             MOV     P1,#0XA0

0041 120045           33                             LCALL   DELAY

0044 22               34                             RET                                     

                      35     ;Delay Function 1s delay

0045 7F0A             36     DELAY:  MOV     R7,#10

0047 7EC8             37     DEL1:   MOV             R6,#200

0049 7DF8             38     DEL2:   MOV             R5,#248

004B DDFE             39                     DJNZ    R5,$

004D DEFA             40                     DJNZ    R6,DEL2

004F DFF6             41                     DJNZ    R7,DEL1

0051 22               42                     RET

                      43                     END

                                             

A51 MACRO ASSEMBLER  7SEG                                                                 03/14/2018 19:52:26 PAGE     2

SYMBOL TABLE LISTING
------ ----- -------


N A M E             T Y P E  V A L U E   ATTRIBUTES

DEL1 . . . . . . .  C ADDR   0047H   A   
DEL2 . . . . . . .  C ADDR   0049H   A   
DELAY. . . . . . .  C ADDR   0045H   A   
INIT . . . . . . .  C ADDR   0000H   A   
LOOP . . . . . . .  C ADDR   0003H   A   
P1 . . . . . . . .  D ADDR   0090H   A   
SEGBINKEY. . . . .  C ADDR   0008H   A   


REGISTER BANK(S) USED: 0 


ASSEMBLY COMPLETE.  0 WARNING(S), 0 ERROR(S)
