A51 MACRO ASSEMBLER  TEST                                                                 04/02/2018 20:07:03 PAGE     1


MACRO ASSEMBLER A51 V8.2.5.0
OBJECT MODULE PLACED IN .\Objects\test.obj
ASSEMBLER INVOKED BY: C:\Keil_v5\C51\BIN\A51.EXE User\test.ASM INCDIR(.\User) SET(SMALL) DEBUG PRINT(.\Listings\test.lst
                      ) OBJECT(.\Objects\test.obj) EP

LOC  OBJ            LINE     SOURCE

0000                   1             ORG     0000H

0000 120028            2     MAIN:   LCALL   DTEST   

0003 12001A            3                     LCALL   TEST2

0006 80FE              4                     STOP:   SJMP    $

                       5                             

0008 7830              6     TEST1:  MOV             R0,#30H

000A 7900              7                     MOV             R1,#00H

000C 7477              8                     MOV             A,#0X77 

000E F6                9     FIRST1: MOV     @R0,A   ;创建链表头                     

000F E8               10     LOOP1:  MOV             A,R0    ;创建一个节点

0010 F9               11                     MOV             R1,A    

0011 09               12                     INC             R1              ;R0指向当前节点，R1指向下一个节点

0012 E6               13                     MOV             A,@R0   ;节点连接操作1

0013 F7               14                     MOV     @R1,A   ;节点连接操作2

0014 08               15                     INC             R0      ;节点增加       

0015 E8               16                     MOV             A,R0

0016 B43FF6           17                     CJNE    A,#3FH,LOOP1

0019 22               18                     RET

001A 7800             19     TEST2:  MOV             R0,#00H

001C 793F             20                     MOV             R1,#3FH

001E F7               21                     MOV     @R1,A   ;创建链表头                     

001F E9               22     LOOP2:  MOV             A,R1    ;创建一个节点

0020 F8               23                     MOV             R0,A    

0021 18               24                     DEC             R0              ;R0指向当前节点，R1指向下一个节点

0022 E6               25                     MOV             A,@R0   ;节点连接操作1

0023 F7               26                     MOV     @R1,A   ;节点连接操作2

0024 19               27                     DEC             R1      ;节点增加       

0025 D8F8             28                     DJNZ    R0,LOOP2

0027 22               29                     RET     

0028 E4               30     DTEST:  CLR             A

0029 75F000           31                     MOV             B,#00H

002C 7830             32                     MOV             R0,#30H

002E FF               33     TE1:    MOV             R7,A

002F F6               34                     MOV             @R0,A

0030 08               35                     INC             R0

0031 E5F0             36                     MOV             A,B

0033 04               37                     INC             A

0034 F5F0             38                     MOV             B,A

0036 B410F5           39                     CJNE    A,#0X10,TE1

0039 22               40                     RET

                      41     END

A51 MACRO ASSEMBLER  TEST                                                                 04/02/2018 20:07:03 PAGE     2

SYMBOL TABLE LISTING
------ ----- -------


N A M E             T Y P E  V A L U E   ATTRIBUTES

B. . . . . . . . .  D ADDR   00F0H   A   
DTEST. . . . . . .  C ADDR   0028H   A   
FIRST1 . . . . . .  C ADDR   000EH   A   
LOOP1. . . . . . .  C ADDR   000FH   A   
LOOP2. . . . . . .  C ADDR   001FH   A   
MAIN . . . . . . .  C ADDR   0000H   A   
STOP . . . . . . .  C ADDR   0006H   A   
TE1. . . . . . . .  C ADDR   002EH   A   
TEST1. . . . . . .  C ADDR   0008H   A   
TEST2. . . . . . .  C ADDR   001AH   A   


REGISTER BANK(S) USED: 0 


ASSEMBLY COMPLETE.  0 WARNING(S), 0 ERROR(S)
