A51 MACRO ASSEMBLER  LAB3                                                                 04/23/2018 20:52:55 PAGE     1


MACRO ASSEMBLER A51 V8.2.5.0
OBJECT MODULE PLACED IN .\Objects\lab3.obj
ASSEMBLER INVOKED BY: C:\Keil_v5\C51\BIN\A51.EXE User\lab3.ASM SET(SMALL) DEBUG PRINT(.\Listings\lab3.lst) OBJECT(.\Obje
                      cts\lab3.obj) EP

LOC  OBJ            LINE     SOURCE

                       1     ; FileName              :               lab3.ASM        

                       2     ; Author                :               Twsa Liu

                       3     ; Date                  :               2018-04-20

                       4     ; Description   :               This is a lab of AT89C52RC.

                       5      

                       6     ;Main function

0000                   7             ORG             0000H

0000 020030            8             LJMP    MAIN

                       9             

0003                  10             ORG             0003H

0003 02004C           11             LJMP    INT0_CALL

0013                  12             ORG             0013H

0013 020050           13             LJMP    INT1_CALL

000B                  14             ORG             000BH

000B 02003B           15             LJMP    PT0_CALL

                      16             ;ORG            001BH

                      17             ;LJMP   PT1_CALL

0030                  18             ORG             0030H

0030 120053           19     MAIN:   LCALL   INIT                    ;≥ı ºªØ≤Ÿ◊˜

0033 12006B           20                     LCALL   INT_OPER                ;÷–∂œµƒ…Ë÷√µƒœ‡πÿ≤Ÿ◊˜

0036 120094           21                     LCALL   BLINK           

0039 80FE             22                     SJMP    $                               ;µ»¥÷–∂œ

                      23                             

003B 758AF0           24     PT0_CALL:       MOV             TL0,#T01        

003E 758CD8           25                             MOV             TH0,#T02                        ;÷ÿ‘ÿº∆ ÷µ£¨10MS∂® 
                             ± ±º‰

0041 D53207           26                             DJNZ    T0MUL_TMP,R_T0TI        

                      27                             ;do something in timer0 interrupt

0044 B2A7             28                             CPL             P2.7

0046 D222             29                             SETB    PT0FG

0048 853132           30                             MOV             T0MUL_TMP,T0_MUL

004B 32               31     R_T0TI:         RETI

004C                  32     INT0_CALL:      ;CPL            INT0FG

004C 1200C3           33                             LCALL   TIM_Div2

004F 32               34                             RETI

0050 B221             35     INT1_CALL:      CPL             INT1FG

0052 32               36                             RETI                    

                      37     ;Initialization

0053                  38     INIT:   

  0090                39                     LEDS    EQU     P1                      

  0064                40                     TIME    EQU     100D            

  00F0                41                     T01             EQU     0F0H    

  00D8                42                     T02             EQU 0D8H                ;º∆ ÷µ÷µµƒ∏ﬂŒª  ∂® ±10MS

  0030                43                     LEDFG   EQU     30H                     ;LEDµƒ±Í÷æ

  0031                44                     T0_MUL  EQU     31H                     ;Timer º∆ ÷µµƒ±∂ 

  0032                45                     T0MUL_TMP       EQU     32H             ;Timer º∆ ÷µµƒ±∂ ¡Ÿ ± æ›

  0020                46                     INT0FG  EQU     20H                     ;Õ‚≤ø÷–∂œ0      flag

  0021                47                     INT1FG  EQU     21H                     ;Õ‚≤ø÷–∂œ1      flag

  0022                48                     PT0FG   EQU     22H                     ;∂® ±∆˜0÷–∂œ    flag

                      49                             

0053 7590FF           50                     MOV             LEDS,#0FFH

0056 7530FE           51                     MOV             LEDFG,#0XFE

0059 C220             52                     CLR             INT0FG                          

005B C221             53                     CLR             INT1FG  

005D C222             54                     CLR             PT0FG

005F 753164           55                     MOV             T0_MUL,#TIME

0062 753264           56                     MOV             T0MUL_TMP,#TIME

A51 MACRO ASSEMBLER  LAB3                                                                 04/23/2018 20:52:55 PAGE     2

0065 7400             57                     MOV             A,#00H                  

0067 7581EF           58                     MOV             SP,#0EFH                ;…Ë÷√∂—’ª÷∏’Î

006A 22               59                     RET

                      60     ;Interrupt operation control

006B 758911           61     INT_OPER:       MOV             TMOD,#11H       ;T0Œ™∑Ω Ω1 ∂® ±∆˜

006E 758AF0           62                             MOV             TL0,#T01        

0071 758CD8           63                             MOV             TH0,#T02        

0074 D288             64                             SETB    IT0                     ;…Ë÷√Õ‚≤ø÷–∂œ0Œ™œ¬Ωµ—ÿ¥•∑¢

0076 D28A             65                             SETB    IT1                     ;…Ë÷√Õ‚≤ø÷–∂œ1Œ™œ¬Ωµ—ÿ¥•∑¢

0078 D2A8             66                             SETB    EX0                     ;Õ‚≤ø÷–∂œ0ø™÷–∂œ

007A D2AA             67                             SETB    EX1                     ;Õ‚≤ø÷–∂œ1ø™÷–∂œ        

007C D2A9             68                             SETB    ET0                     ;‘ –ÌT0÷–∂œ     

007E D2AB             69                             SETB    ET1                     ;‘ –ÌT1÷–∂œ

0080 C28D             70                             CLR             TF0                     ;«Â0±Í÷æŒªTF0

                      71                             ;CLR            TF1                     ;«Â0±Í÷æŒªTF1

0082 1189             72                             ACALL   NVIC            ;…Ë÷√÷–∂œ”≈œ»º∂

0084 D2AF             73                             SETB    EA                      ;CPUø™÷–∂œ

0086 D28C             74                             SETB    TR0     

                      75                             ;SETB   TR1

0088 22               76                             RET

                      77                             

                      78     ;Set the priority of interrupt  

0089 C2B8             79     NVIC:           CLR             PX0     

008B C2B9             80                             CLR             PT0

008D D2BA             81                             SETB    PX1                             

008F C2BB             82                             CLR             PT1

0091 C2BC             83                             CLR             PS

0093 22               84                             RET

                      85                             

                      86     ;Blinky leds operations which includes stopping and pausing function

0094 3022FD           87     BLINK:  JNB             PT0FG,BLINK      ;µ»¥timer0∂® ±∆˜÷–∂œµƒµΩ¿¥

0097 C222             88                     CLR             PT0FG                    ;«Â≥timer0÷–∂œ±Í÷æŒª

0099 E530             89                     MOV             A,LEDFG

009B F590             90                     MOV     LEDS,A

009D 20210E           91                     JB              INT1FG,STOP

00A0 202016           92                     JB              INT0FG,PAUSE

00A3 23               93                     RL              A

00A4 F530             94                     MOV             LEDFG,A 

                      95                     ;LCALL  DELAY

00A6 B4FE03           96                     CJNE    A,#0XFE,NEXT

00A9 7530FE           97                     MOV             LEDFG,#0XFE     

00AC 80E6             98     NEXT:   SJMP    BLINK

                      99     

                     100     ;The stop and pause

00AE 7590FF          101     STOP:   MOV             LEDS,#0XFF

00B1 2021FA          102                     JB              INT1FG,STOP

00B4 7530FE          103                     MOV             LEDFG,#0XFE

00B7 80DB            104                     SJMP    BLINK

00B9 F590            105     PAUSE:  MOV             LEDS,A

00BB 2021F0          106                     JB              INT1FG,STOP

00BE 2020F8          107                     JB              INT0FG,PAUSE

00C1 80D1            108                     SJMP    BLINK

                     109     

00C3 E531            110     TIM_Div2:       MOV             A,T0_MUL

00C5 03              111                             RR              A

00C6 547F            112                             ANL             A,#0X7F

00C8 F531            113                             MOV             T0_MUL,A

00CA 22              114                             RET

                     115                     END

A51 MACRO ASSEMBLER  LAB3                                                                 04/23/2018 20:52:55 PAGE     3

SYMBOL TABLE LISTING
------ ----- -------


N A M E             T Y P E  V A L U E   ATTRIBUTES

BLINK. . . . . . .  C ADDR   0094H   A   
EA . . . . . . . .  B ADDR   00A8H.7 A   
ET0. . . . . . . .  B ADDR   00A8H.1 A   
ET1. . . . . . . .  B ADDR   00A8H.3 A   
EX0. . . . . . . .  B ADDR   00A8H.0 A   
EX1. . . . . . . .  B ADDR   00A8H.2 A   
INIT . . . . . . .  C ADDR   0053H   A   
INT0FG . . . . . .  N NUMB   0020H   A   
INT0_CALL. . . . .  C ADDR   004CH   A   
INT1FG . . . . . .  N NUMB   0021H   A   
INT1_CALL. . . . .  C ADDR   0050H   A   
INT_OPER . . . . .  C ADDR   006BH   A   
IT0. . . . . . . .  B ADDR   0088H.0 A   
IT1. . . . . . . .  B ADDR   0088H.2 A   
LEDFG. . . . . . .  N NUMB   0030H   A   
LEDS . . . . . . .  D ADDR   0090H   A   
MAIN . . . . . . .  C ADDR   0030H   A   
NEXT . . . . . . .  C ADDR   00ACH   A   
NVIC . . . . . . .  C ADDR   0089H   A   
P1 . . . . . . . .  D ADDR   0090H   A   
P2 . . . . . . . .  D ADDR   00A0H   A   
PAUSE. . . . . . .  C ADDR   00B9H   A   
PS . . . . . . . .  B ADDR   00B8H.4 A   
PT0. . . . . . . .  B ADDR   00B8H.1 A   
PT0FG. . . . . . .  N NUMB   0022H   A   
PT0_CALL . . . . .  C ADDR   003BH   A   
PT1. . . . . . . .  B ADDR   00B8H.3 A   
PX0. . . . . . . .  B ADDR   00B8H.0 A   
PX1. . . . . . . .  B ADDR   00B8H.2 A   
R_T0TI . . . . . .  C ADDR   004BH   A   
SP . . . . . . . .  D ADDR   0081H   A   
STOP . . . . . . .  C ADDR   00AEH   A   
T01. . . . . . . .  N NUMB   00F0H   A   
T02. . . . . . . .  N NUMB   00D8H   A   
T0MUL_TMP. . . . .  N NUMB   0032H   A   
T0_MUL . . . . . .  N NUMB   0031H   A   
TF0. . . . . . . .  B ADDR   0088H.5 A   
TH0. . . . . . . .  D ADDR   008CH   A   
TIME . . . . . . .  N NUMB   0064H   A   
TIM_DIV2 . . . . .  C ADDR   00C3H   A   
TL0. . . . . . . .  D ADDR   008AH   A   
TMOD . . . . . . .  D ADDR   0089H   A   
TR0. . . . . . . .  B ADDR   0088H.4 A   


REGISTER BANK(S) USED: 0 


ASSEMBLY COMPLETE.  0 WARNING(S), 0 ERROR(S)
