A51 MACRO ASSEMBLER  LAB1                                                                 04/12/2018 10:54:15 PAGE     1


MACRO ASSEMBLER A51 V8.2.5.0
OBJECT MODULE PLACED IN .\Objects\lab1.obj
ASSEMBLER INVOKED BY: C:\Keil_v5\C51\BIN\A51.EXE User\lab1.ASM SET(SMALL) DEBUG PRINT(.\Listings\lab1.lst) OBJECT(.\Obje
                      cts\lab1.obj) EP

LOC  OBJ            LINE     SOURCE

                       1     ; FileName              :               lab1.ASM        

                       2     ; Author                :               Twsa Liu

                       3     ; Date                  :               2018-03-23

                       4     ; Description   :               This is a lab ofm AT89C52RC.

                       5     ;                                               The lab achieve function that include binke
                             ying

                       6     ;                                               ,delay,light leds and switch using

                       7      

                       8     ;Main function

0000                   9                     ORG             0000H

0000 75A0FF           10     INIT:   MOV     P2,#0FFH

0003 7590FF           11                     MOV             P1,#0FFH                ;init the I/O,make P1,P2 low

0006 7400             12                     MOV             A,#00H                  ;init accumulator A

0008 75F000           13                     MOV             B,#00H  

000B 900076           14                     MOV             DPTR,#LED_TB    ;int led table ptr              

000E                  15     LOOP:   

                      16                     ;LCALL  TEST3   

000E 120043           17                     LCALL   TEST4           

0011 010E             18                     AJMP    LOOP            

                      19     

                      20     ;Light leds using switchs(P2)

0013 85A090           21     TEST1:  MOV     P1,P2           ;using switchligs to ht D1-D7

0016 22               22                     RET

                      23     

                      24     ;Set a switch(P3.0) to control system 

0017 20B0FD           25     WAIT:   JB              P3.0,WAIT       ;if(P3.0=1) WAIT ,equal to bouncing the switch

001A 20B0FA           26     TEST2:  JB              P3.0,WAIT       

001D 85A090           27                     MOV     P1,P2

0020 20B0F4           28                     JB              P3.0,WAIT

0023 22               29                     RET     

                      30     

                      31     ;Binkly and contain operation of pasuing

0024 20B0FD           32     WAIT1:  JB              P3.0,WAIT1

0027 20B0FA           33     TEST3:  JB              P3.0,WAIT1

002A 93               34     AGAIN:  MOVC    A,@A+DPTR

002B F590             35     PASUE:  MOV     P1,A                    ;PASUE operator

002D 20B0FB           36                     JB              P3.0,PASUE

0030 120069           37                     LCALL   DELAY

0033 E5F0             38                     MOV             A,B

0035 05F0             39                     INC             B

0037 B40704           40                     CJNE    A,#0X07,NEXT

003A 75F000           41                     MOV             B,#0X00         ;rest accumator A to zero

003D 22               42                     RET

003E 80EA             43     NEXT:   SJMP    AGAIN

                      44     

                      45     ;Binkly and contain operation of stopping

0040 20B0FD           46     WAIT2:  JB              P3.0,WAIT2

0043 20B0FA           47     TEST4:  JB              P3.0,WAIT2

0046 93               48     AGAIN1: MOVC    A,@A+DPTR

0047 F590             49                     MOV     P1,A

0049 20B010           50                     JB              P3.0,STOP

004C 120069           51                     LCALL   DELAY

004F E5F0             52                     MOV             A,B

0051 05F0             53                     INC             B

0053 B40704           54                     CJNE    A,#0X07,NEXT1

0056 75F000           55                     MOV             B,#0X00         ;rest accumator A to zero

0059 22               56                     RET

A51 MACRO ASSEMBLER  LAB1                                                                 04/12/2018 10:54:15 PAGE     2

005A 80EA             57     NEXT1:  SJMP    AGAIN1

005C 7400             58     STOP:   MOV             A,#00H

005E 75F000           59                     MOV             B,#00H

0061 7590FF           60                     MOV             P1,#0XFF

0064 20B0F5           61                     JB              P3.0,STOP

0067 80DA             62                     SJMP    TEST4

                      63                     

                      64     ;Delay function

0069 7F03             65     DELAY:  MOV     R7,#3

006B 7EC8             66     DEL1:   MOV             R6,#200

006D 7DF8             67     DEL2:   MOV             R5,#248

006F DDFE             68                     DJNZ    R5,$

0071 DEFA             69                     DJNZ    R6,DEL2

0073 DFF6             70                     DJNZ    R7,DEL1

0075 22               71                     RET

                      72                     

0076 FEFDFBF7         73     LED_TB: DB              0XFE,0XFD,0XFB,0XF7,0XEF,0XDF,0XBF,0X7F

007A EFDFBF7F                
                      74                     END

                                     

A51 MACRO ASSEMBLER  LAB1                                                                 04/12/2018 10:54:15 PAGE     3

SYMBOL TABLE LISTING
------ ----- -------


N A M E             T Y P E  V A L U E   ATTRIBUTES

AGAIN. . . . . . .  C ADDR   002AH   A   
AGAIN1 . . . . . .  C ADDR   0046H   A   
B. . . . . . . . .  D ADDR   00F0H   A   
DEL1 . . . . . . .  C ADDR   006BH   A   
DEL2 . . . . . . .  C ADDR   006DH   A   
DELAY. . . . . . .  C ADDR   0069H   A   
INIT . . . . . . .  C ADDR   0000H   A   
LED_TB . . . . . .  C ADDR   0076H   A   
LOOP . . . . . . .  C ADDR   000EH   A   
NEXT . . . . . . .  C ADDR   003EH   A   
NEXT1. . . . . . .  C ADDR   005AH   A   
P1 . . . . . . . .  D ADDR   0090H   A   
P2 . . . . . . . .  D ADDR   00A0H   A   
P3 . . . . . . . .  D ADDR   00B0H   A   
PASUE. . . . . . .  C ADDR   002BH   A   
STOP . . . . . . .  C ADDR   005CH   A   
TEST1. . . . . . .  C ADDR   0013H   A   
TEST2. . . . . . .  C ADDR   001AH   A   
TEST3. . . . . . .  C ADDR   0027H   A   
TEST4. . . . . . .  C ADDR   0043H   A   
WAIT . . . . . . .  C ADDR   0017H   A   
WAIT1. . . . . . .  C ADDR   0024H   A   
WAIT2. . . . . . .  C ADDR   0040H   A   


REGISTER BANK(S) USED: 0 


ASSEMBLY COMPLETE.  0 WARNING(S), 0 ERROR(S)
